// Jest Snapshot v1, https://goo.gl/fbAQLP

exports[`Description should be vue instance 1`] = `
"<div class=\\"v-item-group theme--light v-expansion-panels v-expansion-panels--popout\\">
  <div aria-expanded=\\"false\\" class=\\"v-expansion-panel\\"><button type=\\"button\\" class=\\"v-expansion-panel-header\\">基礎攻撃力の計算方法<div class=\\"v-expansion-panel-header__icon\\"><i aria-hidden=\\"true\\" class=\\"v-icon notranslate mdi mdi-chevron-down theme--light\\"></i></div></button>
    <div class=\\"v-expansion-panel-content\\" style=\\"display: none;\\"></div>
  </div>
</div>"
`;
